\BOOKMARK [0][-]{chapter*.1}{\376\377\000A\000b\000s\000t\000r\000a\000c\000t}{}% 1
\BOOKMARK [0][-]{chapter*.2}{\376\377\000A\000c\000k\000n\000o\000w\000l\000e\000d\000g\000e\000m\000e\000n\000t\000s}{}% 2
\BOOKMARK [0][-]{chapter*.2}{\376\377\000L\000i\000s\000t\000\040\000o\000f\000\040\000F\000i\000g\000u\000r\000e\000s}{}% 3
\BOOKMARK [0][-]{chapter*.2}{\376\377\000L\000i\000s\000t\000\040\000o\000f\000\040\000T\000a\000b\000l\000e\000s}{}% 4
\BOOKMARK [0][-]{chapter.1}{\376\377\000I\000n\000t\000r\000o\000d\000u\000c\000t\000i\000o\000n}{}% 5
\BOOKMARK [1][-]{section.1.1}{\376\377\000H\000i\000s\000t\000o\000r\000y\000\040\000o\000f\000\040\000r\000e\000s\000e\000a\000r\000c\000h}{chapter.1}% 6
\BOOKMARK [1][-]{section.1.2}{\376\377\000W\000h\000a\000t\000\040\000a\000r\000e\000\040\000a\000m\000u\000l\000e\000t\000s\000?}{chapter.1}% 7
\BOOKMARK [1][-]{section.1.3}{\376\377\000R\000e\000s\000e\000a\000r\000c\000h\000\040\000q\000u\000e\000s\000t\000i\000o\000n\000s\000\040\000a\000n\000d\000\040\000o\000b\000j\000e\000c\000t\000i\000v\000e\000s}{chapter.1}% 8
\BOOKMARK [1][-]{section.1.4}{\376\377\000S\000t\000r\000u\000c\000t\000u\000r\000e\000\040\000o\000f\000\040\000t\000h\000e\000\040\000d\000i\000s\000s\000e\000r\000t\000a\000t\000i\000o\000n}{chapter.1}% 9
\BOOKMARK [0][-]{chapter.2}{\376\377\000T\000h\000e\000o\000r\000e\000t\000i\000c\000a\000l\000\040\000a\000n\000d\000\040\000m\000e\000t\000h\000o\000d\000o\000l\000o\000g\000i\000c\000a\000l\000\040\000a\000p\000p\000r\000o\000a\000c\000h\000e\000s}{}% 10
\BOOKMARK [1][-]{section.2.1}{\376\377\000F\000r\000o\000m\000\040\000E\000g\000y\000p\000t\000i\000a\000n\000i\000z\000a\000t\000i\000o\000n\000\040\000t\000o\000\040\000c\000u\000l\000t\000u\000r\000a\000l\000\040\000e\000n\000t\000a\000n\000g\000l\000e\000m\000e\000n\000t}{chapter.2}% 11
\BOOKMARK [1][-]{section.2.2}{\376\377\000O\000b\000j\000e\000c\000t\000s\000c\000a\000p\000e\000s}{chapter.2}% 12
\BOOKMARK [1][-]{section.2.3}{\376\377\000N\000a\000p\000a\000t\000a\000n\000\040\000a\000m\000u\000l\000e\000t\000s\000\040\000t\000h\000r\000o\000u\000g\000h\000\040\000o\000b\000j\000e\000c\000t\000s\000c\000a\000p\000e\000s}{chapter.2}% 13
\BOOKMARK [1][-]{section.2.4}{\376\377\000T\000h\000e\000\040\000d\000a\000t\000a\000s\000e\000t}{chapter.2}% 14
\BOOKMARK [1][-]{section.2.5}{\376\377\000P\000o\000s\000s\000i\000b\000i\000l\000i\000t\000i\000e\000s\000\040\000a\000n\000d\000\040\000l\000i\000m\000i\000t\000a\000t\000i\000o\000n\000s\000\040\000o\000f\000\040\000t\000h\000e\000\040\000d\000a\000t\000a\000s\000e\000t}{chapter.2}% 15
\BOOKMARK [2][-]{subsection.2.5.1}{\376\377\000G\000e\000n\000e\000r\000a\000l\000\040\000c\000o\000n\000s\000i\000d\000e\000r\000a\000t\000i\000o\000n\000s}{section.2.5}% 16
\BOOKMARK [2][-]{subsection.2.5.2}{\376\377\000C\000h\000r\000o\000n\000o\000l\000o\000g\000i\000c\000a\000l\000\040\000d\000i\000v\000i\000s\000i\000o\000n}{section.2.5}% 17
\BOOKMARK [1][-]{section.2.6}{\376\377\000D\000i\000s\000t\000i\000n\000g\000u\000i\000s\000h\000i\000n\000g\000\040\000s\000o\000c\000i\000a\000l\000\040\000s\000t\000a\000t\000u\000s}{chapter.2}% 18
\BOOKMARK [0][-]{chapter.3}{\376\377\000C\000o\000n\000t\000e\000x\000t\000u\000a\000l\000i\000z\000i\000n\000g\000\040\000t\000h\000e\000\040\000N\000a\000p\000a\000t\000a\000n\000\040\000p\000e\000r\000i\000o\000d\000:\000\040\000h\000i\000s\000t\000o\000r\000i\000c\000a\000l\000\040\000b\000a\000c\000k\000g\000r\000o\000u\000n\000d\000\040\000a\000n\000d\000\040\000c\000u\000l\000t\000u\000r\000a\000l\000\040\000i\000n\000t\000e\000r\000a\000c\000t\000i\000o\000n\000s}{}% 19
\BOOKMARK [1][-]{section.3.1}{\376\377\000N\000u\000b\000i\000a\000\040\000d\000u\000r\000i\000n\000g\000\040\000t\000h\000e\000\040\000N\000a\000p\000a\000t\000a\000n\000\040\000P\000e\000r\000i\000o\000d}{chapter.3}% 20
\BOOKMARK [1][-]{section.3.2}{\376\377\000T\000r\000a\000c\000i\000n\000g\000\040\000t\000h\000e\000\040\000N\000a\000p\000a\000t\000a\000n\000\040\000D\000y\000n\000a\000s\000t\000y\000:\000\040\000c\000h\000r\000o\000n\000o\000l\000o\000g\000i\000c\000a\000l\000\040\000a\000n\000d\000\040\000e\000m\000e\000r\000g\000e\000n\000c\000e\000\040\000i\000s\000s\000u\000e\000s}{chapter.3}% 21
\BOOKMARK [1][-]{section.3.3}{\376\377\000C\000u\000l\000t\000u\000r\000a\000l\000\040\000i\000n\000t\000e\000r\000a\000c\000t\000i\000o\000n\000s\000\040\000b\000e\000t\000w\000e\000e\000n\000\040\000g\000r\000o\000u\000p\000s\000\040\000w\000i\000t\000h\000i\000n\000\040\000N\000u\000b\000i\000a\000\040\000a\000n\000d\000\040\000E\000g\000y\000p\000t}{chapter.3}% 22
\BOOKMARK [1][-]{section.3.4}{\376\377\000C\000o\000n\000c\000l\000u\000s\000i\000o\000n}{chapter.3}% 23
\BOOKMARK [0][-]{chapter.4}{\376\377\000T\000h\000e\000\040\000r\000o\000y\000a\000l\000\040\000c\000e\000m\000e\000t\000e\000r\000i\000e\000s\000:\000\040\000E\000l\000-\000K\000u\000r\000r\000u\000\040\000a\000n\000d\000\040\000N\000u\000r\000i}{}% 24
\BOOKMARK [1][-]{section.4.1}{\376\377\000E\000l\000-\000K\000u\000r\000r\000u\000\040\000a\000n\000d\000\040\000N\000u\000r\000i}{chapter.4}% 25
\BOOKMARK [1][-]{section.4.2}{\376\377\000P\000r\000e\000-\0002\0005\000t\000h\000\040\000D\000y\000n\000a\000s\000t\000y}{chapter.4}% 26
\BOOKMARK [2][-]{subsection.4.2.1}{\376\377\000T\000o\000m\000b\000\040\000s\000t\000r\000u\000c\000t\000u\000r\000e}{section.4.2}% 27
\BOOKMARK [2][-]{subsection.4.2.2}{\376\377\000O\000b\000j\000e\000c\000t\000\040\000t\000y\000p\000e\000s}{section.4.2}% 28
\BOOKMARK [2][-]{subsection.4.2.3}{\376\377\000A\000m\000u\000l\000e\000t\000s}{section.4.2}% 29
\BOOKMARK [1][-]{section.4.3}{\376\377\0002\0005\000t\000h\000\040\000D\000y\000n\000a\000s\000t\000y}{chapter.4}% 30
\BOOKMARK [2][-]{subsection.4.3.1}{\376\377\000T\000o\000m\000b\000\040\000s\000t\000r\000u\000c\000t\000u\000r\000e}{section.4.3}% 31
\BOOKMARK [2][-]{subsection.4.3.2}{\376\377\000O\000b\000j\000e\000c\000t\000\040\000t\000y\000p\000e\000s}{section.4.3}% 32
\BOOKMARK [2][-]{subsection.4.3.3}{\376\377\000A\000m\000u\000l\000e\000t\000s}{section.4.3}% 33
\BOOKMARK [1][-]{section.4.4}{\376\377\000E\000a\000r\000l\000y\000\040\000N\000a\000p\000a\000t\000a\000n}{chapter.4}% 34
\BOOKMARK [2][-]{subsection.4.4.1}{\376\377\000T\000o\000m\000b\000\040\000s\000t\000r\000u\000c\000t\000u\000r\000e}{section.4.4}% 35
\BOOKMARK [2][-]{subsection.4.4.2}{\376\377\000O\000b\000j\000e\000c\000t\000\040\000t\000y\000p\000e\000s}{section.4.4}% 36
\BOOKMARK [2][-]{subsection.4.4.3}{\376\377\000A\000m\000u\000l\000e\000t\000s}{section.4.4}% 37
\BOOKMARK [1][-]{section.4.5}{\376\377\000M\000i\000d\000d\000l\000e\000\040\000N\000a\000p\000a\000t\000a\000n}{chapter.4}% 38
\BOOKMARK [2][-]{subsection.4.5.1}{\376\377\000T\000o\000m\000b\000\040\000s\000t\000r\000u\000c\000t\000u\000r\000e}{section.4.5}% 39
\BOOKMARK [2][-]{subsection.4.5.2}{\376\377\000O\000b\000j\000e\000c\000t\000\040\000t\000y\000p\000e\000s}{section.4.5}% 40
\BOOKMARK [2][-]{subsection.4.5.3}{\376\377\000A\000m\000u\000l\000e\000t\000s}{section.4.5}% 41
\BOOKMARK [1][-]{section.4.6}{\376\377\000L\000a\000t\000e\000\040\000N\000a\000p\000a\000t\000a\000n}{chapter.4}% 42
\BOOKMARK [2][-]{subsection.4.6.1}{\376\377\000T\000o\000m\000b\000\040\000s\000t\000r\000u\000c\000t\000u\000r\000e}{section.4.6}% 43
\BOOKMARK [2][-]{subsection.4.6.2}{\376\377\000O\000b\000j\000e\000c\000t\000\040\000t\000y\000p\000e\000s}{section.4.6}% 44
\BOOKMARK [2][-]{subsection.4.6.3}{\376\377\000A\000m\000u\000l\000e\000t\000s}{section.4.6}% 45
\BOOKMARK [1][-]{section.4.7}{\376\377\000C\000o\000n\000c\000l\000u\000s\000i\000o\000n}{chapter.4}% 46
\BOOKMARK [0][-]{chapter.5}{\376\377\000T\000h\000e\000\040\000e\000l\000i\000t\000e\000\040\000a\000n\000d\000\040\000n\000o\000n\000-\000e\000l\000i\000t\000e\000\040\000c\000e\000m\000e\000t\000e\000r\000i\000e\000s}{}% 47
\BOOKMARK [1][-]{section.5.1}{\376\377\000T\000h\000e\000\040\000s\000i\000t\000e\000s}{chapter.5}% 48
\BOOKMARK [1][-]{section.5.2}{\376\377\000C\000h\000r\000o\000n\000o\000l\000o\000g\000i\000c\000a\000l\000\040\000i\000s\000s\000u\000e\000s\000\040\000a\000n\000d\000\040\000d\000i\000v\000i\000s\000i\000o\000n}{chapter.5}% 49
\BOOKMARK [1][-]{section.5.3}{\376\377\000E\000l\000i\000t\000e\000\040\000t\000o\000m\000b\000s}{chapter.5}% 50
\BOOKMARK [2][-]{subsection.5.3.1}{\376\377\000T\000o\000m\000b\000\040\000s\000t\000r\000u\000c\000t\000u\000r\000e}{section.5.3}% 51
\BOOKMARK [2][-]{subsection.5.3.2}{\376\377\000O\000b\000j\000e\000c\000t\000\040\000t\000y\000p\000e\000s}{section.5.3}% 52
\BOOKMARK [2][-]{subsection.5.3.3}{\376\377\000A\000m\000u\000l\000e\000t\000s}{section.5.3}% 53
\BOOKMARK [1][-]{section.5.4}{\376\377\000N\000o\000n\000-\000e\000l\000i\000t\000e\000\040\000t\000o\000m\000b\000s}{chapter.5}% 54
\BOOKMARK [2][-]{subsection.5.4.1}{\376\377\000P\000r\000e\000-\0002\0005\000t\000h\000\040\000D\000y\000n\000a\000s\000t\000y}{section.5.4}% 55
\BOOKMARK [2][-]{subsection.5.4.2}{\376\377\0002\0005\000t\000h\000\040\000D\000y\000n\000a\000s\000t\000y}{section.5.4}% 56
\BOOKMARK [2][-]{subsection.5.4.3}{\376\377\0002\0005\000t\000h\000\040\000D\000y\000n\000a\000s\000t\000y\000-\000E\000a\000r\000l\000y\000\040\000N\000a\000p\000a\000t\000a\000n}{section.5.4}% 57
\BOOKMARK [2][-]{subsection.5.4.4}{\376\377\0002\0005\000t\000h\000\040\000D\000y\000n\000a\000s\000t\000y\000-\000M\000i\000d\000d\000l\000e\000\040\000N\000a\000p\000a\000t\000a\000n}{section.5.4}% 58
\BOOKMARK [2][-]{subsection.5.4.5}{\376\377\000E\000a\000r\000l\000y\000\040\000N\000a\000p\000a\000t\000a\000n\000\040\000a\000n\000d\000\040\000E\000a\000r\000l\000y\000\040\000N\000a\000p\000a\000t\000a\000n\000-\000M\000i\000d\000d\000l\000e\000\040\000N\000a\000p\000a\000t\000a\000n}{section.5.4}% 59
\BOOKMARK [1][-]{section.5.5}{\376\377\000R\000e\000g\000i\000o\000n\000a\000l\000\040\000v\000a\000r\000i\000a\000t\000i\000o\000n\000s}{chapter.5}% 60
\BOOKMARK [1][-]{section.5.6}{\376\377\000C\000o\000n\000c\000l\000u\000s\000i\000o\000n}{chapter.5}% 61
\BOOKMARK [0][-]{chapter.6}{\376\377\000A\000m\000u\000l\000e\000t\000\040\000p\000r\000a\000c\000t\000i\000c\000e\000s\000\040\000a\000c\000r\000o\000s\000s\000\040\000d\000i\000f\000f\000e\000r\000e\000n\000t\000\040\000s\000o\000c\000i\000a\000l\000,\000\040\000t\000e\000m\000p\000o\000r\000a\000l\000\040\000a\000n\000d\000\040\000r\000e\000g\000i\000o\000n\000a\000l\000\040\000c\000o\000n\000t\000e\000x\000t\000s}{}% 62
\BOOKMARK [1][-]{section.6.1}{\376\377\000C\000h\000r\000o\000n\000o\000l\000o\000g\000i\000c\000a\000l\000\040\000v\000a\000r\000i\000a\000t\000i\000o\000n\000s}{chapter.6}% 63
\BOOKMARK [2][-]{subsection.6.1.1}{\376\377\000A\000m\000u\000l\000e\000t\000\040\000d\000i\000s\000t\000r\000i\000b\000u\000t\000i\000o\000n}{section.6.1}% 64
\BOOKMARK [2][-]{subsection.6.1.2}{\376\377\000A\000m\000u\000l\000e\000t\000\040\000t\000y\000p\000e\000s}{section.6.1}% 65
\BOOKMARK [2][-]{subsection.6.1.3}{\376\377\000A\000m\000u\000l\000e\000t\000\040\000m\000o\000t\000i\000f\000s}{section.6.1}% 66
\BOOKMARK [2][-]{subsection.6.1.4}{\376\377\000A\000m\000u\000l\000e\000t\000\040\000m\000a\000t\000e\000r\000i\000a\000l\000s}{section.6.1}% 67
\BOOKMARK [1][-]{section.6.2}{\376\377\000R\000e\000g\000i\000o\000n\000a\000l\000\040\000v\000a\000r\000i\000a\000t\000i\000o\000n\000s}{chapter.6}% 68
\BOOKMARK [2][-]{subsection.6.2.1}{\376\377\000A\000m\000u\000l\000e\000t\000\040\000d\000i\000s\000t\000r\000i\000b\000u\000t\000i\000o\000n}{section.6.2}% 69
\BOOKMARK [2][-]{subsection.6.2.2}{\376\377\000A\000m\000u\000l\000e\000t\000\040\000t\000y\000p\000e\000s}{section.6.2}% 70
\BOOKMARK [2][-]{subsection.6.2.3}{\376\377\000A\000m\000u\000l\000e\000t\000\040\000m\000o\000t\000i\000f\000s}{section.6.2}% 71
\BOOKMARK [2][-]{subsection.6.2.4}{\376\377\000A\000m\000u\000l\000e\000t\000\040\000m\000a\000t\000e\000r\000i\000a\000l\000s}{section.6.2}% 72
\BOOKMARK [1][-]{section.6.3}{\376\377\000C\000o\000n\000c\000l\000u\000s\000i\000o\000n}{chapter.6}% 73
